main.c:51:6:init_systick_timer	24	static
main.c:67:6:update_current_task	16	static
main.c:94:6:idle_task	8	static
main.c:100:6:task1_handler	8	static
main.c:110:6:task2_handler	8	static
main.c:120:6:task3_handler	8	static
main.c:130:6:task4_handler	8	static
main.c:152:30:init_scheduler_stack	0	static,ignoring_inline_asm
main.c:170:6:init_tasks_stack	16	static
main.c:200:6:enable_processor_faults	4	static
main.c:212:10:get_psp_value	4	static
main.c:220:6:save_psp_value	16	static
main.c:228:30:switch_sp_to_psp	0	static,ignoring_inline_asm
main.c:247:5:main	8	static
main.c:269:6:task_delay	16	static
main.c:280:30:SysTick_Handler	0	static,ignoring_inline_asm
main.c:323:6:HardFault_Handler	8	static
main.c:330:6:MemManage_Handler	8	static
main.c:337:6:BusFault_Handler	8	static
